// Jest Snapshot v1, https://goo.gl/fbAQLP

exports[`LPPPool gas tests fee is off #burn above current price burn entire position after some time passes 1`] = `93804`;

exports[`LPPPool gas tests fee is off #burn above current price burn when only position using ticks 1`] = `93804`;

exports[`LPPPool gas tests fee is off #burn above current price partial position burn 1`] = `97605`;

exports[`LPPPool gas tests fee is off #burn around current price burn entire position after some time passes 1`] = `106569`;

exports[`LPPPool gas tests fee is off #burn around current price burn when only position using ticks 1`] = `101467`;

exports[`LPPPool gas tests fee is off #burn around current price partial position burn 1`] = `102383`;

exports[`LPPPool gas tests fee is off #burn below current price burn entire position after some time passes 1`] = `94314`;

exports[`LPPPool gas tests fee is off #burn below current price burn when only position using ticks 1`] = `94314`;

exports[`LPPPool gas tests fee is off #burn below current price partial position burn 1`] = `98242`;

exports[`LPPPool gas tests fee is off #collect close to worst case 1`] = `31687`;

exports[`LPPPool gas tests fee is off #increaseObservationCardinalityNext grow by 1 slot 1`] = `51170`;

exports[`LPPPool gas tests fee is off #increaseObservationCardinalityNext no op 1`] = `24743`;

exports[`LPPPool gas tests fee is off #mint above current price add to position after some time passes 1`] = `105772`;

exports[`LPPPool gas tests fee is off #mint above current price add to position existing 1`] = `105772`;

exports[`LPPPool gas tests fee is off #mint above current price new position mint first in range 1`] = `224430`;

exports[`LPPPool gas tests fee is off #mint around current price add to position after some time passes 1`] = `144106`;

exports[`LPPPool gas tests fee is off #mint around current price add to position existing 1`] = `134927`;

exports[`LPPPool gas tests fee is off #mint around current price new position mint first in range 1`] = `285420`;

exports[`LPPPool gas tests fee is off #mint below current price add to position after some time passes 1`] = `106361`;

exports[`LPPPool gas tests fee is off #mint below current price add to position existing 1`] = `106361`;

exports[`LPPPool gas tests fee is off #mint below current price new position mint first in range 1`] = `226531`;

exports[`LPPPool gas tests fee is off #poke best case 1`] = `51984`;

exports[`LPPPool gas tests fee is off #snapshotCumulativesInside tick above 1`] = `36528`;

exports[`LPPPool gas tests fee is off #snapshotCumulativesInside tick below 1`] = `36528`;

exports[`LPPPool gas tests fee is off #snapshotCumulativesInside tick inside 1`] = `37031`;

exports[`LPPPool gas tests fee is off #supplicateExact0For1 first supplication in block moves tick, no initialized crossings 1`] = `111861`;

exports[`LPPPool gas tests fee is off #supplicateExact0For1 first supplication in block with no tick movement 1`] = `96168`;

exports[`LPPPool gas tests fee is off #supplicateExact0For1 first supplication in block, large move crossing a single initialized tick 1`] = `292144`;

exports[`LPPPool gas tests fee is off #supplicateExact0For1 first supplication in block, large move crossing several initialized ticks 1`] = `406670`;

exports[`LPPPool gas tests fee is off #supplicateExact0For1 first supplication in block, large move, no initialized crossings 1`] = `1100992`;

exports[`LPPPool gas tests fee is off #supplicateExact0For1 large move crossing several initialized ticks after some time passes 1`] = `406670`;

exports[`LPPPool gas tests fee is off #supplicateExact0For1 large move crossing several initialized ticks second time after some time passes 1`] = `406670`;

exports[`LPPPool gas tests fee is off #supplicateExact0For1 second supplication in block moves tick, no initialized crossings 1`] = `111861`;

exports[`LPPPool gas tests fee is off #supplicateExact0For1 second supplication in block with no tick movement 1`] = `96168`;

exports[`LPPPool gas tests fee is off #supplicateExact0For1 second supplication in block, large move crossing a single initialized tick 1`] = `278707`;

exports[`LPPPool gas tests fee is off #supplicateExact0For1 second supplication in block, large move crossing several initialized ticks 1`] = `393226`;

exports[`LPPPool gas tests fee is on #burn above current price burn entire position after some time passes 1`] = `93804`;

exports[`LPPPool gas tests fee is on #burn above current price burn when only position using ticks 1`] = `93804`;

exports[`LPPPool gas tests fee is on #burn above current price partial position burn 1`] = `97605`;

exports[`LPPPool gas tests fee is on #burn around current price burn entire position after some time passes 1`] = `106569`;

exports[`LPPPool gas tests fee is on #burn around current price burn when only position using ticks 1`] = `101467`;

exports[`LPPPool gas tests fee is on #burn around current price partial position burn 1`] = `102383`;

exports[`LPPPool gas tests fee is on #burn below current price burn entire position after some time passes 1`] = `94314`;

exports[`LPPPool gas tests fee is on #burn below current price burn when only position using ticks 1`] = `94314`;

exports[`LPPPool gas tests fee is on #burn below current price partial position burn 1`] = `98242`;

exports[`LPPPool gas tests fee is on #collect close to worst case 1`] = `31687`;

exports[`LPPPool gas tests fee is on #increaseObservationCardinalityNext grow by 1 slot 1`] = `51170`;

exports[`LPPPool gas tests fee is on #increaseObservationCardinalityNext no op 1`] = `24743`;

exports[`LPPPool gas tests fee is on #mint above current price add to position after some time passes 1`] = `105772`;

exports[`LPPPool gas tests fee is on #mint above current price add to position existing 1`] = `105772`;

exports[`LPPPool gas tests fee is on #mint above current price new position mint first in range 1`] = `224430`;

exports[`LPPPool gas tests fee is on #mint around current price add to position after some time passes 1`] = `144106`;

exports[`LPPPool gas tests fee is on #mint around current price add to position existing 1`] = `134927`;

exports[`LPPPool gas tests fee is on #mint around current price new position mint first in range 1`] = `285420`;

exports[`LPPPool gas tests fee is on #mint below current price add to position after some time passes 1`] = `106361`;

exports[`LPPPool gas tests fee is on #mint below current price add to position existing 1`] = `106361`;

exports[`LPPPool gas tests fee is on #mint below current price new position mint first in range 1`] = `226531`;

exports[`LPPPool gas tests fee is on #poke best case 1`] = `51984`;

exports[`LPPPool gas tests fee is on #snapshotCumulativesInside tick above 1`] = `36528`;

exports[`LPPPool gas tests fee is on #snapshotCumulativesInside tick below 1`] = `36528`;

exports[`LPPPool gas tests fee is on #snapshotCumulativesInside tick inside 1`] = `37031`;

exports[`LPPPool gas tests fee is on #supplicateExact0For1 first supplication in block moves tick, no initialized crossings 1`] = `112155`;

exports[`LPPPool gas tests fee is on #supplicateExact0For1 first supplication in block with no tick movement 1`] = `96315`;

exports[`LPPPool gas tests fee is on #supplicateExact0For1 first supplication in block, large move crossing a single initialized tick 1`] = `295819`;

exports[`LPPPool gas tests fee is on #supplicateExact0For1 first supplication in block, large move crossing several initialized ticks 1`] = `412109`;

exports[`LPPPool gas tests fee is on #supplicateExact0For1 first supplication in block, large move, no initialized crossings 1`] = `1121719`;

exports[`LPPPool gas tests fee is on #supplicateExact0For1 large move crossing several initialized ticks after some time passes 1`] = `412109`;

exports[`LPPPool gas tests fee is on #supplicateExact0For1 large move crossing several initialized ticks second time after some time passes 1`] = `412109`;

exports[`LPPPool gas tests fee is on #supplicateExact0For1 second supplication in block moves tick, no initialized crossings 1`] = `112155`;

exports[`LPPPool gas tests fee is on #supplicateExact0For1 second supplication in block with no tick movement 1`] = `96315`;

exports[`LPPPool gas tests fee is on #supplicateExact0For1 second supplication in block, large move crossing a single initialized tick 1`] = `282235`;

exports[`LPPPool gas tests fee is on #supplicateExact0For1 second supplication in block, large move crossing several initialized ticks 1`] = `398518`;
