// Jest Snapshot v1, https://goo.gl/fbAQLP

exports[`TickBitmap #flipTick gas cost of flipping a tick that results in deleting a word 1`] = `22045`;

exports[`TickBitmap #flipTick gas cost of flipping first tick in word to initialized 1`] = `43957`;

exports[`TickBitmap #flipTick gas cost of flipping second tick in word to initialized 1`] = `26857`;

exports[`TickBitmap #nextInitializedTickWithinOneWord lte = false gas cost for entire word 1`] = `2608`;

exports[`TickBitmap #nextInitializedTickWithinOneWord lte = false gas cost just below boundary 1`] = `2608`;

exports[`TickBitmap #nextInitializedTickWithinOneWord lte = false gas cost on boundary 1`] = `3044`;

exports[`TickBitmap #nextInitializedTickWithinOneWord lte = true gas cost for entire word 1`] = `2603`;

exports[`TickBitmap #nextInitializedTickWithinOneWord lte = true gas cost just below boundary 1`] = `2941`;

exports[`TickBitmap #nextInitializedTickWithinOneWord lte = true gas cost on boundary 1`] = `2603`;
