// Jest Snapshot v1, https://goo.gl/fbAQLP

exports[`NFTDescriptor #constructTokenURI gas 1`] = `1557247`;

exports[`NFTDescriptor #constructTokenURI snapshot matches 1`] = `"data:application/json;base64,eyJuYW1lIjoiTFBQIC0gMCUgLSBMUFAvV0VUSCAtIDEuMDAwMDw+MS4xMDUyIiwgImRlc2NyaXB0aW9uIjoiVGhpcyBORlQgcmVwcmVzZW50cyBhIGxpcXVpZGl0eSBwb3NpdGlvbiBMUFAtV0VUSCBwb29sLiBUaGUgb3duZXIgb2YgdGhpcyBORlQgY2FuIG1vZGlmeSBvciByZWRlZW0gdGhlIHBvc2l0aW9uLlxuXG5Qb29sIEFkZHJlc3M6IDB4YmJiYmJiYmJiYmJiYmJiYmJiYmJiYmJiYmJiYmJiYmJiYmJiYmJiYlxuTFBQIEFkZHJlc3M6IDB4YWJjZGVhYmNkZWZhYmNkZWZhYmNkZWZhYmNkZWZhYmNkZWZhYmNkZlxuV0VUSCBBZGRyZXNzOiAweDEyMzQ1Njc4OTAxMjM0NTY3ODkxMjM0NTY3ODkwMTIzNDU2Nzg5MDFcbkZlZSBUaWVyOiAwJVxuVG9rZW4gSUQ6IDFcblxu4pqg77iPIERJU0NMQUlNRVI6IER1ZSBkaWxpZ2VuY2UgaXMgaW1wZXJhdGl2ZSB3aGVuIGFzc2Vzc2luZyB0aGlzIE5GVC4gTWFrZSBzdXJlIHRva2VuIGFkZHJlc3NlcyBtYXRjaCB0aGUgZXhwZWN0ZWQgdG9rZW5zLCBhcyB0b2tlbiBzeW1ib2xzIG1heSBiZSBpbWl0YXRlZC4iLCAiaW1hZ2UiOiAiZGF0YTppbWFnZS9zdmcreG1sO2Jhc2U2NCxQSE4yWnlCM2FXUjBhRDBpTWprd0lpQm9aV2xuYUhROUlqVXdNQ0lnZG1sbGQwSnZlRDBpTUNBd0lESTVNQ0ExTURBaUlIaHRiRzV6UFNKb2RIUndPaTh2ZDNkM0xuY3pMbTl5Wnk4eU1EQXdMM04yWnlJZ2VHMXNibk02ZUd4cGJtczlKMmgwZEhBNkx5OTNkM2N1ZHpNdWIzSm5MekU1T1RrdmVHeHBibXNuUGp4a1pXWnpQanhtYVd4MFpYSWdhV1E5SW1ZeElqNDhabVZKYldGblpTQnlaWE4xYkhROUluQXdJaUI0YkdsdWF6cG9jbVZtUFNKa1lYUmhPbWx0WVdkbEwzTjJaeXQ0Yld3N1ltRnpaVFkwTEZCSVRqSmFlVUl6WVZkU01HRkVNRzVOYW10M1NubENiMXBYYkc1aFNGRTVTbnBWZDAxRFkyZGtiV3hzWkRCS2RtVkVNRzVOUTBGM1NVUkpOVTFEUVRGTlJFRnVTVWhvZEdKSE5YcFFVMlJ2WkVoU2QwOXBPSFprTTJRelRHNWpla3h0T1hsYWVUaDVUVVJCZDB3elRqSmFlV01yVUVoS2JGa3pVV2RrTW14clpFZG5PVXA2U1RWTlNFSTBTbmxDYjFwWGJHNWhTRkU1U25wVmQwMUlRalJLZVVKdFlWZDRjMUJUWTJwWlYwcHFXa2RXYUVwNU9DdFFRemw2Wkcxakt5SXZQanhtWlVsdFlXZGxJSEpsYzNWc2REMGljREVpSUhoc2FXNXJPbWh5WldZOUltUmhkR0U2YVcxaFoyVXZjM1puSzNodGJEdGlZWE5sTmpRc1VFaE9NbHA1UWpOaFYxSXdZVVF3YmsxcWEzZEtlVUp2V2xkc2JtRklVVGxLZWxWM1RVTmpaMlJ0Ykd4a01FcDJaVVF3YmsxRFFYZEpSRWsxVFVOQk1VMUVRVzVKU0doMFlrYzFlbEJUWkc5a1NGSjNUMms0ZG1RelpETk1ibU42VEcwNWVWcDVPSGxOUkVGM1RETk9NbHA1WXl0UVIwNXdZMjFPYzFwVFFtcGxSREJ1VFdwWk5FcDVRbXBsVkRCdVRXcFZNVXA1UW5sUVUyTjRUV3BDZDJWRFkyZGFiV3h6WWtRd2JrbDZSWGxOZWxFeFRtbGpkbEJxZDNaak0xcHVVR2M5UFNJdlBqeG1aVWx0WVdkbElISmxjM1ZzZEQwaWNESWlJSGhzYVc1ck9taHlaV1k5SW1SaGRHRTZhVzFoWjJVdmMzWm5LM2h0YkR0aVlYTmxOalFzVUVoT01scDVRak5oVjFJd1lVUXdiazFxYTNkS2VVSnZXbGRzYm1GSVVUbEtlbFYzVFVOaloyUnRiR3hrTUVwMlpVUXdiazFEUVhkSlJFazFUVU5CTVUxRVFXNUpTR2gwWWtjMWVsQlRaRzlrU0ZKM1QyazRkbVF6WkROTWJtTjZURzA1ZVZwNU9IbE5SRUYzVEROT01scDVZeXRRUjA1d1kyMU9jMXBUUW1wbFJEQnVUV3BCTWtwNVFtcGxWREJ1VFZSVmVVcDVRbmxRVTJONFRXcENkMlZEWTJkYWJXeHpZa1F3YmtreVdtaFpiVTVyV21samRsQnFkM1pqTTFwdVVHYzlQU0l2UGp4bVpVbHRZV2RsSUhKbGMzVnNkRDBpY0RNaUlIaHNhVzVyT21oeVpXWTlJbVJoZEdFNmFXMWhaMlV2YzNabkszaHRiRHRpWVhObE5qUXNVRWhPTWxwNVFqTmhWMUl3WVVRd2JrMXFhM2RLZVVKdldsZHNibUZJVVRsS2VsVjNUVU5qWjJSdGJHeGtNRXAyWlVRd2JrMURRWGRKUkVrMVRVTkJNVTFFUVc1SlNHaDBZa2MxZWxCVFpHOWtTRkozVDJrNGRtUXpaRE5NYm1ONlRHMDVlVnA1T0hsTlJFRjNURE5PTWxwNVl5dFFSMDV3WTIxT2MxcFRRbXBsUkRCdVRXcFJkMHA1UW1wbFZEQnVUWHBCTWtwNVFubFFVMk40VFVSQ2QyVkRZMmRhYld4ellrUXdia2w2V1ROUFJHdDNUVk5qZGxCcWQzWmpNMXB1VUdjOVBTSWdMejQ4Wm1WQ2JHVnVaQ0J0YjJSbFBTSnZkbVZ5YkdGNUlpQnBiajBpY0RBaUlHbHVNajBpY0RFaUlDOCtQR1psUW14bGJtUWdiVzlrWlQwaVpYaGpiSFZ6YVc5dUlpQnBiakk5SW5BeUlpQXZQanhtWlVKc1pXNWtJRzF2WkdVOUltOTJaWEpzWVhraUlHbHVNajBpY0RNaUlISmxjM1ZzZEQwaVlteGxibVJQZFhRaUlDOCtQR1psUjJGMWMzTnBZVzVDYkhWeUlHbHVQU0ppYkdWdVpFOTFkQ0lnYzNSa1JHVjJhV0YwYVc5dVBTSTBNaUlnTHo0OEwyWnBiSFJsY2o0Z1BHTnNhWEJRWVhSb0lHbGtQU0pqYjNKdVpYSnpJajQ4Y21WamRDQjNhV1IwYUQwaU1qa3dJaUJvWldsbmFIUTlJalV3TUNJZ2NuZzlJalF5SWlCeWVUMGlORElpSUM4K1BDOWpiR2x3VUdGMGFENDhjR0YwYUNCcFpEMGlkR1Y0ZEMxd1lYUm9MV0VpSUdROUlrMDBNQ0F4TWlCSU1qVXdJRUV5T0NBeU9DQXdJREFnTVNBeU56Z2dOREFnVmpRMk1DQkJNamdnTWpnZ01DQXdJREVnTWpVd0lEUTRPQ0JJTkRBZ1FUSTRJREk0SURBZ01DQXhJREV5SURRMk1DQldOREFnUVRJNElESTRJREFnTUNBeElEUXdJREV5SUhvaUlDOCtQSEJoZEdnZ2FXUTlJbTFwYm1sdFlYQWlJR1E5SWsweU16UWdORFEwUXpJek5DQTBOVGN1T1RRNUlESTBNaTR5TVNBME5qTWdNalV6SURRMk15SWdMejQ4Wm1sc2RHVnlJR2xrUFNKMGIzQXRjbVZuYVc5dUxXSnNkWElpUGp4bVpVZGhkWE56YVdGdVFteDFjaUJwYmowaVUyOTFjbU5sUjNKaGNHaHBZeUlnYzNSa1JHVjJhV0YwYVc5dVBTSXlOQ0lnTHo0OEwyWnBiSFJsY2o0OGJHbHVaV0Z5UjNKaFpHbGxiblFnYVdROUltZHlZV1F0ZFhBaUlIZ3hQU0l4SWlCNE1qMGlNQ0lnZVRFOUlqRWlJSGt5UFNJd0lqNDhjM1J2Y0NCdlptWnpaWFE5SWpBdU1DSWdjM1J2Y0MxamIyeHZjajBpZDJocGRHVWlJSE4wYjNBdGIzQmhZMmwwZVQwaU1TSWdMejQ4YzNSdmNDQnZabVp6WlhROUlpNDVJaUJ6ZEc5d0xXTnZiRzl5UFNKM2FHbDBaU0lnYzNSdmNDMXZjR0ZqYVhSNVBTSXdJaUF2UGp3dmJHbHVaV0Z5UjNKaFpHbGxiblErUEd4cGJtVmhja2R5WVdScFpXNTBJR2xrUFNKbmNtRmtMV1J2ZDI0aUlIZ3hQU0l3SWlCNE1qMGlNU0lnZVRFOUlqQWlJSGt5UFNJeElqNDhjM1J2Y0NCdlptWnpaWFE5SWpBdU1DSWdjM1J2Y0MxamIyeHZjajBpZDJocGRHVWlJSE4wYjNBdGIzQmhZMmwwZVQwaU1TSWdMejQ4YzNSdmNDQnZabVp6WlhROUlqQXVPU0lnYzNSdmNDMWpiMnh2Y2owaWQyaHBkR1VpSUhOMGIzQXRiM0JoWTJsMGVUMGlNQ0lnTHo0OEwyeHBibVZoY2tkeVlXUnBaVzUwUGp4dFlYTnJJR2xrUFNKbVlXUmxMWFZ3SWlCdFlYTnJRMjl1ZEdWdWRGVnVhWFJ6UFNKdlltcGxZM1JDYjNWdVpHbHVaMEp2ZUNJK1BISmxZM1FnZDJsa2RHZzlJakVpSUdobGFXZG9kRDBpTVNJZ1ptbHNiRDBpZFhKc0tDTm5jbUZrTFhWd0tTSWdMejQ4TDIxaGMycytQRzFoYzJzZ2FXUTlJbVpoWkdVdFpHOTNiaUlnYldGemEwTnZiblJsYm5SVmJtbDBjejBpYjJKcVpXTjBRbTkxYm1ScGJtZENiM2dpUGp4eVpXTjBJSGRwWkhSb1BTSXhJaUJvWldsbmFIUTlJakVpSUdacGJHdzlJblZ5YkNnalozSmhaQzFrYjNkdUtTSWdMejQ4TDIxaGMycytQRzFoYzJzZ2FXUTlJbTV2Ym1VaUlHMWhjMnREYjI1MFpXNTBWVzVwZEhNOUltOWlhbVZqZEVKdmRXNWthVzVuUW05NElqNDhjbVZqZENCM2FXUjBhRDBpTVNJZ2FHVnBaMmgwUFNJeElpQm1hV3hzUFNKM2FHbDBaU0lnTHo0OEwyMWhjMnMrUEd4cGJtVmhja2R5WVdScFpXNTBJR2xrUFNKbmNtRmtMWE41YldKdmJDSStQSE4wYjNBZ2IyWm1jMlYwUFNJd0xqY2lJSE4wYjNBdFkyOXNiM0k5SW5kb2FYUmxJaUJ6ZEc5d0xXOXdZV05wZEhrOUlqRWlJQzgrUEhOMGIzQWdiMlptYzJWMFBTSXVPVFVpSUhOMGIzQXRZMjlzYjNJOUluZG9hWFJsSWlCemRHOXdMVzl3WVdOcGRIazlJakFpSUM4K1BDOXNhVzVsWVhKSGNtRmthV1Z1ZEQ0OGJXRnpheUJwWkQwaVptRmtaUzF6ZVcxaWIyd2lJRzFoYzJ0RGIyNTBaVzUwVlc1cGRITTlJblZ6WlhKVGNHRmpaVTl1VlhObElqNDhjbVZqZENCM2FXUjBhRDBpTWprd2NIZ2lJR2hsYVdkb2REMGlNakF3Y0hnaUlHWnBiR3c5SW5WeWJDZ2paM0poWkMxemVXMWliMndwSWlBdlBqd3ZiV0Z6YXo0OEwyUmxabk0rUEdjZ1kyeHBjQzF3WVhSb1BTSjFjbXdvSTJOdmNtNWxjbk1wSWo0OGNtVmpkQ0JtYVd4c1BTSWpNREF3TURBd0lpQjRQU0l3Y0hnaUlIazlJakJ3ZUNJZ2QybGtkR2c5SWpJNU1IQjRJaUJvWldsbmFIUTlJalV3TUhCNElpQXZQanh5WldOMElIZzlJakFpSUhrOUlqQWlJSGRwWkhSb1BTSXlPVEFpSUdobGFXZG9kRDBpTlRBd0lpQnllRDBpTkRJaUlISjVQU0kwTWlJZ1ptbHNiRDBpY21kaVlTZ3dMREFzTUN3d0tTSWdjM1J5YjJ0bFBTSnlaMkpoS0RJMU5Td3lOVFVzTWpVMUxEQXVNaWtpSUM4K1BDOW5QangwWlhoMElIUmxlSFF0Y21WdVpHVnlhVzVuUFNKdmNIUnBiV2w2WlZOd1pXVmtJajQ4ZEdWNGRGQmhkR2dnYzNSaGNuUlBabVp6WlhROUlpMHhNREFsSWlCbWFXeHNQU0ozYUdsMFpTSWdabTl1ZEMxbVlXMXBiSGs5SWlkRGIzVnlhV1Z5SUU1bGR5Y3NJRzF2Ym05emNHRmpaU0lnWm05dWRDMXphWHBsUFNJeE1IQjRJaUI0YkdsdWF6cG9jbVZtUFNJamRHVjRkQzF3WVhSb0xXRWlQakI0TVRJek5EVTJOemc1TURFeU16UTFOamM0T1RFeU16UTFOamM0T1RBeE1qTTBOVFkzT0Rrd01TRGlnS0lnVjBWVVNDQThZVzVwYldGMFpTQmhaR1JwZEdsMlpUMGljM1Z0SWlCaGRIUnlhV0oxZEdWT1lXMWxQU0p6ZEdGeWRFOW1abk5sZENJZ1puSnZiVDBpTUNVaUlIUnZQU0l4TURBbElpQmlaV2RwYmowaU1ITWlJR1IxY2owaU16QnpJaUJ5WlhCbFlYUkRiM1Z1ZEQwaWFXNWtaV1pwYm1sMFpTSWdMejQ4TDNSbGVIUlFZWFJvUGlBOGRHVjRkRkJoZEdnZ2MzUmhjblJQWm1aelpYUTlJakFsSWlCbWFXeHNQU0ozYUdsMFpTSWdabTl1ZEMxbVlXMXBiSGs5SWlkRGIzVnlhV1Z5SUU1bGR5Y3NJRzF2Ym05emNHRmpaU0lnWm05dWRDMXphWHBsUFNJeE1IQjRJaUI0YkdsdWF6cG9jbVZtUFNJamRHVjRkQzF3WVhSb0xXRWlQakI0TVRJek5EVTJOemc1TURFeU16UTFOamM0T1RFeU16UTFOamM0T1RBeE1qTTBOVFkzT0Rrd01TRGlnS0lnVjBWVVNDQThZVzVwYldGMFpTQmhaR1JwZEdsMlpUMGljM1Z0SWlCaGRIUnlhV0oxZEdWT1lXMWxQU0p6ZEdGeWRFOW1abk5sZENJZ1puSnZiVDBpTUNVaUlIUnZQU0l4TURBbElpQmlaV2RwYmowaU1ITWlJR1IxY2owaU16QnpJaUJ5WlhCbFlYUkRiM1Z1ZEQwaWFXNWtaV1pwYm1sMFpTSWdMejRnUEM5MFpYaDBVR0YwYUQ0OGRHVjRkRkJoZEdnZ2MzUmhjblJQWm1aelpYUTlJalV3SlNJZ1ptbHNiRDBpZDJocGRHVWlJR1p2Ym5RdFptRnRhV3g1UFNJblEyOTFjbWxsY2lCT1pYY25MQ0J0YjI1dmMzQmhZMlVpSUdadmJuUXRjMmw2WlQwaU1UQndlQ0lnZUd4cGJtczZhSEpsWmowaUkzUmxlSFF0Y0dGMGFDMWhJajR3ZUdGaVkyUmxZV0pqWkdWbVlXSmpaR1ZtWVdKalpHVm1ZV0pqWkdWbVlXSmpaR1ZtWVdKalpHWWc0b0NpSUV4UVVDQThZVzVwYldGMFpTQmhaR1JwZEdsMlpUMGljM1Z0SWlCaGRIUnlhV0oxZEdWT1lXMWxQU0p6ZEdGeWRFOW1abk5sZENJZ1puSnZiVDBpTUNVaUlIUnZQU0l4TURBbElpQmlaV2RwYmowaU1ITWlJR1IxY2owaU16QnpJaUJ5WlhCbFlYUkRiM1Z1ZEQwaWFXNWtaV1pwYm1sMFpTSWdMejQ4TDNSbGVIUlFZWFJvUGp4MFpYaDBVR0YwYUNCemRHRnlkRTltWm5ObGREMGlMVFV3SlNJZ1ptbHNiRDBpZDJocGRHVWlJR1p2Ym5RdFptRnRhV3g1UFNJblEyOTFjbWxsY2lCT1pYY25MQ0J0YjI1dmMzQmhZMlVpSUdadmJuUXRjMmw2WlQwaU1UQndlQ0lnZUd4cGJtczZhSEpsWmowaUkzUmxlSFF0Y0dGMGFDMWhJajR3ZUdGaVkyUmxZV0pqWkdWbVlXSmpaR1ZtWVdKalpHVm1ZV0pqWkdWbVlXSmpaR1ZtWVdKalpHWWc0b0NpSUV4UVVDQThZVzVwYldGMFpTQmhaR1JwZEdsMlpUMGljM1Z0SWlCaGRIUnlhV0oxZEdWT1lXMWxQU0p6ZEdGeWRFOW1abk5sZENJZ1puSnZiVDBpTUNVaUlIUnZQU0l4TURBbElpQmlaV2RwYmowaU1ITWlJR1IxY2owaU16QnpJaUJ5WlhCbFlYUkRiM1Z1ZEQwaWFXNWtaV1pwYm1sMFpTSWdMejQ4TDNSbGVIUlFZWFJvUGp3dmRHVjRkRDQ4WnlCdFlYTnJQU0oxY213b0kyWmhaR1V0YzNsdFltOXNLU0krUEhKbFkzUWdabWxzYkQwaWJtOXVaU0lnZUQwaU1IQjRJaUI1UFNJd2NIZ2lJSGRwWkhSb1BTSXlPVEJ3ZUNJZ2FHVnBaMmgwUFNJeU1EQndlQ0lnTHo0Z1BIUmxlSFFnZVQwaU56QndlQ0lnZUQwaU16SndlQ0lnWm1sc2JEMGlkMmhwZEdVaUlHWnZiblF0Wm1GdGFXeDVQU0luUTI5MWNtbGxjaUJPWlhjbkxDQnRiMjV2YzNCaFkyVWlJR1p2Ym5RdGQyVnBaMmgwUFNJeU1EQWlJR1p2Ym5RdGMybDZaVDBpTXpad2VDSStURkJRTDFkRlZFZzhMM1JsZUhRK1BIUmxlSFFnZVQwaU1URTFjSGdpSUhnOUlqTXljSGdpSUdacGJHdzlJbmRvYVhSbElpQm1iMjUwTFdaaGJXbHNlVDBpSjBOdmRYSnBaWElnVG1WM0p5d2diVzl1YjNOd1lXTmxJaUJtYjI1MExYZGxhV2RvZEQwaU1qQXdJaUJtYjI1MExYTnBlbVU5SWpNMmNIZ2lQakFsUEM5MFpYaDBQand2Wno0OGNtVmpkQ0I0UFNJeE5pSWdlVDBpTVRZaUlIZHBaSFJvUFNJeU5UZ2lJR2hsYVdkb2REMGlORFk0SWlCeWVEMGlNallpSUhKNVBTSXlOaUlnWm1sc2JEMGljbWRpWVNnd0xEQXNNQ3d3S1NJZ2MzUnliMnRsUFNKeVoySmhLREkxTlN3eU5UVXNNalUxTERBdU1pa2lJQzgrUEdjZ2JXRnphejBuZFhKc0tDTm1ZV1JsTFdSdmQyNHBKeUJ6ZEhsc1pUMG5kSEpoYm5ObWIzSnRPblJ5WVc1emJHRjBaU2czTW5CNExERTRPWEI0S1NjK1BISmxZM1FnZUQwbkxURTJjSGduSUhrOUp5MHhObkI0SnlCM2FXUjBhRDBuTVRnd2NIZ25JR2hsYVdkb2REMG5NVGd3Y0hnbklHWnBiR3c5SjI1dmJtVW5JQzgrUEhCaGRHZ2daRDBuVFRFZ01VTTVJRGd4SURZMUlERXpOeUF4TkRVZ01UUTFKeUJ6ZEhKdmEyVTlKM0puWW1Fb01Dd3dMREFzTUM0ektTY2djM1J5YjJ0bExYZHBaSFJvUFNjek1uQjRKeUJtYVd4c1BTZHViMjVsSnlCemRISnZhMlV0YkdsdVpXTmhjRDBuY205MWJtUW5JQzgrUEM5blBqeG5JRzFoYzJzOUozVnliQ2dqWm1Ga1pTMWtiM2R1S1NjZ2MzUjViR1U5SjNSeVlXNXpabTl5YlRwMGNtRnVjMnhoZEdVb056SndlQ3d4T0Rsd2VDa25Qanh5WldOMElIZzlKeTB4Tm5CNEp5QjVQU2N0TVRad2VDY2dkMmxrZEdnOUp6RTRNSEI0SnlCb1pXbG5hSFE5SnpFNE1IQjRKeUJtYVd4c1BTZHViMjVsSnlBdlBqeHdZWFJvSUdROUowMHhJREZET1NBNE1TQTJOU0F4TXpjZ01UUTFJREUwTlNjZ2MzUnliMnRsUFNkeVoySmhLREkxTlN3eU5UVXNNalUxTERFcEp5Qm1hV3hzUFNkdWIyNWxKeUJ6ZEhKdmEyVXRiR2x1WldOaGNEMG5jbTkxYm1RbklDOCtQQzluUGp4amFYSmpiR1VnWTNnOUp6Y3pjSGduSUdONVBTY3hPVEJ3ZUNjZ2NqMG5OSEI0SnlCbWFXeHNQU2QzYUdsMFpTY2dMejQ4WTJseVkyeGxJR040UFNjM00zQjRKeUJqZVQwbk1Ua3djSGduSUhJOUp6STBjSGduSUdacGJHdzlKMjV2Ym1VbklITjBjbTlyWlQwbmQyaHBkR1VuSUM4K0lEeG5JSE4wZVd4bFBTZDBjbUZ1YzJadmNtMDZkSEpoYm5Oc1lYUmxLREk1Y0hnc0lETTROSEI0S1NjK1BISmxZM1FnZDJsa2RHZzlKell6Y0hnbklHaGxhV2RvZEQwbk1qWndlQ2NnY25nOUp6aHdlQ2NnY25rOUp6aHdlQ2NnWm1sc2JEMG5jbWRpWVNnd0xEQXNNQ3d3TGpZcEp5QXZQangwWlhoMElIZzlKekV5Y0hnbklIazlKekUzY0hnbklHWnZiblF0Wm1GdGFXeDVQU2NpUTI5MWNtbGxjaUJPWlhjaUxDQnRiMjV2YzNCaFkyVW5JR1p2Ym5RdGMybDZaVDBuTVRKd2VDY2dabWxzYkQwbmQyaHBkR1VuUGp4MGMzQmhiaUJtYVd4c1BTZHlaMkpoS0RJMU5Td3lOVFVzTWpVMUxEQXVOaWtuUGtsRU9pQThMM1J6Y0dGdVBqRThMM1JsZUhRK1BDOW5QaUE4WnlCemRIbHNaVDBuZEhKaGJuTm1iM0p0T25SeVlXNXpiR0YwWlNneU9YQjRMQ0EwTVRSd2VDa25Qanh5WldOMElIZHBaSFJvUFNjeE1EVndlQ2NnYUdWcFoyaDBQU2N5Tm5CNEp5QnllRDBuT0hCNEp5QnllVDBuT0hCNEp5Qm1hV3hzUFNkeVoySmhLREFzTUN3d0xEQXVOaWtuSUM4K1BIUmxlSFFnZUQwbk1USndlQ2NnZVQwbk1UZHdlQ2NnWm05dWRDMW1ZVzFwYkhrOUp5SkRiM1Z5YVdWeUlFNWxkeUlzSUcxdmJtOXpjR0ZqWlNjZ1ptOXVkQzF6YVhwbFBTY3hNbkI0SnlCbWFXeHNQU2QzYUdsMFpTYytQSFJ6Y0dGdUlHWnBiR3c5SjNKblltRW9NalUxTERJMU5Td3lOVFVzTUM0MktTYytUV2x1SUZScFkyczZJRHd2ZEhOd1lXNCtNRHd2ZEdWNGRENDhMMmMrSUR4bklITjBlV3hsUFNkMGNtRnVjMlp2Y20wNmRISmhibk5zWVhSbEtESTVjSGdzSURRME5IQjRLU2MrUEhKbFkzUWdkMmxrZEdnOUp6RXlObkI0SnlCb1pXbG5hSFE5SnpJMmNIZ25JSEo0UFNjNGNIZ25JSEo1UFNjNGNIZ25JR1pwYkd3OUozSm5ZbUVvTUN3d0xEQXNNQzQyS1NjZ0x6NDhkR1Y0ZENCNFBTY3hNbkI0SnlCNVBTY3hOM0I0SnlCbWIyNTBMV1poYldsc2VUMG5Ja052ZFhKcFpYSWdUbVYzSWl3Z2JXOXViM053WVdObEp5Qm1iMjUwTFhOcGVtVTlKekV5Y0hnbklHWnBiR3c5SjNkb2FYUmxKejQ4ZEhOd1lXNGdabWxzYkQwbmNtZGlZU2d5TlRVc01qVTFMREkxTlN3d0xqWXBKejVOWVhnZ1ZHbGphem9nUEM5MGMzQmhiajR4TURBd1BDOTBaWGgwUGp3dlp6NGdQR2NnYzNSNWJHVTlKM1J5WVc1elptOXliVHAwY21GdWMyeGhkR1VvTWpJMmNIZ3NJRFF6TTNCNEtTYytQSEpsWTNRZ2QybGtkR2c5SnpNMmNIZ25JR2hsYVdkb2REMG5Nelp3ZUNjZ2NuZzlKemh3ZUNjZ2NuazlKemh3ZUNjZ1ptbHNiRDBuYm05dVpTY2djM1J5YjJ0bFBTZHlaMkpoS0RJMU5Td3lOVFVzTWpVMUxEQXVNaWtuSUM4K1BIQmhkR2dnYzNSeWIydGxMV3hwYm1WallYQTlKM0p2ZFc1a0p5QmtQU2ROT0NBNVF6Z3VNREF3TURRZ01qSXVPVFE1TkNBeE5pNHlNRGs1SURJNElESTNJREk0SnlCbWFXeHNQU2R1YjI1bEp5QnpkSEp2YTJVOUozZG9hWFJsSnlBdlBqeGphWEpqYkdVZ2MzUjViR1U5SjNSeVlXNXpabTl5YlRwMGNtRnVjMnhoZEdVelpDZ3hNM0I0TENBeU0zQjRMQ0F3Y0hncEp5QmplRDBuTUhCNEp5QmplVDBuTUhCNEp5QnlQU2MwY0hnbklHWnBiR3c5SjNkb2FYUmxKeTgrUEM5blBqeG5JSE4wZVd4bFBTZDBjbUZ1YzJadmNtMDZkSEpoYm5Oc1lYUmxLREl5Tm5CNExDQXpPVEp3ZUNrblBqeHlaV04wSUhkcFpIUm9QU2N6Tm5CNEp5Qm9aV2xuYUhROUp6TTJjSGduSUhKNFBTYzRjSGduSUhKNVBTYzRjSGduSUdacGJHdzlKMjV2Ym1VbklITjBjbTlyWlQwbmNtZGlZU2d5TlRVc01qVTFMREkxTlN3d0xqSXBKeUF2UGp4blBqeHdZWFJvSUhOMGVXeGxQU2QwY21GdWMyWnZjbTA2ZEhKaGJuTnNZWFJsS0Rad2VDdzJjSGdwSnlCa1BTZE5NVElnTUV3eE1pNDJOVEl5SURrdU5UWTFPRGRNTVRnZ01TNDJNRGMzVERFekxqYzRNVGtnTVRBdU1qRTRNVXd5TWk0ek9USXpJRFpNTVRRdU5ETTBNU0F4TVM0ek5EYzRUREkwSURFeVRERTBMalF6TkRFZ01USXVOalV5TWt3eU1pNHpPVEl6SURFNFRERXpMamM0TVRrZ01UTXVOemd4T1V3eE9DQXlNaTR6T1RJelRERXlMalkxTWpJZ01UUXVORE0wTVV3eE1pQXlORXd4TVM0ek5EYzRJREUwTGpRek5ERk1OaUF5TWk0ek9USXpUREV3TGpJeE9ERWdNVE11TnpneE9Vd3hMall3TnpjZ01UaE1PUzQxTmpVNE55QXhNaTQyTlRJeVREQWdNVEpNT1M0MU5qVTROeUF4TVM0ek5EYzRUREV1TmpBM055QTJUREV3TGpJeE9ERWdNVEF1TWpFNE1VdzJJREV1TmpBM04wd3hNUzR6TkRjNElEa3VOVFkxT0RkTU1USWdNRm9uSUdacGJHdzlKM2RvYVhSbEp5QXZQanhoYm1sdFlYUmxWSEpoYm5ObWIzSnRJR0YwZEhKcFluVjBaVTVoYldVOUozUnlZVzV6Wm05eWJTY2dkSGx3WlQwbmNtOTBZWFJsSnlCbWNtOXRQU2N3SURFNElERTRKeUIwYnowbk16WXdJREU0SURFNEp5QmtkWEk5SnpFd2N5Y2djbVZ3WldGMFEyOTFiblE5SjJsdVpHVm1hVzVwZEdVbkx6NDhMMmMrUEM5blBqd3ZjM1puUGc9PSJ9"`;

exports[`NFTDescriptor #svgImage matches the current snapshot 1`] = `"<svg width=\\"290\\" height=\\"500\\" viewBox=\\"0 0 290 500\\" xmlns=\\"http://www.w3.org/2000/svg\\" xmlns:xlink='http://www.w3.org/1999/xlink'><defs><filter id=\\"f1\\"><feImage result=\\"p0\\" xlink:href=\\"data:image/svg+xml;base64,PHN2ZyB3aWR0aD0nMjkwJyBoZWlnaHQ9JzUwMCcgdmlld0JveD0nMCAwIDI5MCA1MDAnIHhtbG5zPSdodHRwOi8vd3d3LnczLm9yZy8yMDAwL3N2Zyc+PHJlY3Qgd2lkdGg9JzI5MHB4JyBoZWlnaHQ9JzUwMHB4JyBmaWxsPScjMTIzNDU2Jy8+PC9zdmc+\\"/><feImage result=\\"p1\\" xlink:href=\\"data:image/svg+xml;base64,PHN2ZyB3aWR0aD0nMjkwJyBoZWlnaHQ9JzUwMCcgdmlld0JveD0nMCAwIDI5MCA1MDAnIHhtbG5zPSdodHRwOi8vd3d3LnczLm9yZy8yMDAwL3N2Zyc+PGNpcmNsZSBjeD0nMTkyJyBjeT0nMzI1JyByPScxMjBweCcgZmlsbD0nI2FiY2RlYScvPjwvc3ZnPg==\\"/><feImage result=\\"p2\\" xlink:href=\\"data:image/svg+xml;base64,PHN2ZyB3aWR0aD0nMjkwJyBoZWlnaHQ9JzUwMCcgdmlld0JveD0nMCAwIDI5MCA1MDAnIHhtbG5zPSdodHRwOi8vd3d3LnczLm9yZy8yMDAwL3N2Zyc+PGNpcmNsZSBjeD0nMjQzJyBjeT0nMzYyJyByPScxMjBweCcgZmlsbD0nIzY3ODkwMScvPjwvc3ZnPg==\\"/><feImage result=\\"p3\\" xlink:href=\\"data:image/svg+xml;base64,PHN2ZyB3aWR0aD0nMjkwJyBoZWlnaHQ9JzUwMCcgdmlld0JveD0nMCAwIDI5MCA1MDAnIHhtbG5zPSdodHRwOi8vd3d3LnczLm9yZy8yMDAwL3N2Zyc+PGNpcmNsZSBjeD0nMzcnIGN5PScxMzEnIHI9JzEwMHB4JyBmaWxsPScjZmFiY2RmJy8+PC9zdmc+\\" /><feBlend mode=\\"overlay\\" in=\\"p0\\" in2=\\"p1\\" /><feBlend mode=\\"exclusion\\" in2=\\"p2\\" /><feBlend mode=\\"overlay\\" in2=\\"p3\\" result=\\"blendOut\\" /><feGaussianBlur in=\\"blendOut\\" stdDeviation=\\"42\\" /></filter> <clipPath id=\\"corners\\"><rect width=\\"290\\" height=\\"500\\" rx=\\"42\\" ry=\\"42\\" /></clipPath><path id=\\"text-path-a\\" d=\\"M40 12 H250 A28 28 0 0 1 278 40 V460 A28 28 0 0 1 250 488 H40 A28 28 0 0 1 12 460 V40 A28 28 0 0 1 40 12 z\\" /><path id=\\"minimap\\" d=\\"M234 444C234 457.949 242.21 463 253 463\\" /><filter id=\\"top-region-blur\\"><feGaussianBlur in=\\"SourceGraphic\\" stdDeviation=\\"24\\" /></filter><linearGradient id=\\"grad-up\\" x1=\\"1\\" x2=\\"0\\" y1=\\"1\\" y2=\\"0\\"><stop offset=\\"0.0\\" stop-color=\\"white\\" stop-opacity=\\"1\\" /><stop offset=\\".9\\" stop-color=\\"white\\" stop-opacity=\\"0\\" /></linearGradient><linearGradient id=\\"grad-down\\" x1=\\"0\\" x2=\\"1\\" y1=\\"0\\" y2=\\"1\\"><stop offset=\\"0.0\\" stop-color=\\"white\\" stop-opacity=\\"1\\" /><stop offset=\\"0.9\\" stop-color=\\"white\\" stop-opacity=\\"0\\" /></linearGradient><mask id=\\"fade-up\\" maskContentUnits=\\"objectBoundingBox\\"><rect width=\\"1\\" height=\\"1\\" fill=\\"url(#grad-up)\\" /></mask><mask id=\\"fade-down\\" maskContentUnits=\\"objectBoundingBox\\"><rect width=\\"1\\" height=\\"1\\" fill=\\"url(#grad-down)\\" /></mask><mask id=\\"none\\" maskContentUnits=\\"objectBoundingBox\\"><rect width=\\"1\\" height=\\"1\\" fill=\\"white\\" /></mask><linearGradient id=\\"grad-symbol\\"><stop offset=\\"0.7\\" stop-color=\\"white\\" stop-opacity=\\"1\\" /><stop offset=\\".95\\" stop-color=\\"white\\" stop-opacity=\\"0\\" /></linearGradient><mask id=\\"fade-symbol\\" maskContentUnits=\\"userSpaceOnUse\\"><rect width=\\"290px\\" height=\\"200px\\" fill=\\"url(#grad-symbol)\\" /></mask></defs><g clip-path=\\"url(#corners)\\"><rect fill=\\"#000000\\" x=\\"0px\\" y=\\"0px\\" width=\\"290px\\" height=\\"500px\\" /><rect x=\\"0\\" y=\\"0\\" width=\\"290\\" height=\\"500\\" rx=\\"42\\" ry=\\"42\\" fill=\\"rgba(0,0,0,0)\\" stroke=\\"rgba(255,255,255,0.2)\\" /></g><text text-rendering=\\"optimizeSpeed\\"><textPath startOffset=\\"-100%\\" fill=\\"white\\" font-family=\\"'Courier New', monospace\\" font-size=\\"10px\\" xlink:href=\\"#text-path-a\\">0xabcdeabcdefabcdefabcdefabcdefabcdefabcdf • WETH <animate additive=\\"sum\\" attributeName=\\"startOffset\\" from=\\"0%\\" to=\\"100%\\" begin=\\"0s\\" dur=\\"30s\\" repeatCount=\\"indefinite\\" /></textPath> <textPath startOffset=\\"0%\\" fill=\\"white\\" font-family=\\"'Courier New', monospace\\" font-size=\\"10px\\" xlink:href=\\"#text-path-a\\">0xabcdeabcdefabcdefabcdefabcdefabcdefabcdf • WETH <animate additive=\\"sum\\" attributeName=\\"startOffset\\" from=\\"0%\\" to=\\"100%\\" begin=\\"0s\\" dur=\\"30s\\" repeatCount=\\"indefinite\\" /> </textPath><textPath startOffset=\\"50%\\" fill=\\"white\\" font-family=\\"'Courier New', monospace\\" font-size=\\"10px\\" xlink:href=\\"#text-path-a\\">0x1234567890123456789123456789012345678901 • LPP <animate additive=\\"sum\\" attributeName=\\"startOffset\\" from=\\"0%\\" to=\\"100%\\" begin=\\"0s\\" dur=\\"30s\\" repeatCount=\\"indefinite\\" /></textPath><textPath startOffset=\\"-50%\\" fill=\\"white\\" font-family=\\"'Courier New', monospace\\" font-size=\\"10px\\" xlink:href=\\"#text-path-a\\">0x1234567890123456789123456789012345678901 • LPP <animate additive=\\"sum\\" attributeName=\\"startOffset\\" from=\\"0%\\" to=\\"100%\\" begin=\\"0s\\" dur=\\"30s\\" repeatCount=\\"indefinite\\" /></textPath></text><g mask=\\"url(#fade-symbol)\\"><rect fill=\\"none\\" x=\\"0px\\" y=\\"0px\\" width=\\"290px\\" height=\\"200px\\" /> <text y=\\"70px\\" x=\\"32px\\" fill=\\"white\\" font-family=\\"'Courier New', monospace\\" font-weight=\\"200\\" font-size=\\"36px\\">LPP/WETH</text><text y=\\"115px\\" x=\\"32px\\" fill=\\"white\\" font-family=\\"'Courier New', monospace\\" font-weight=\\"200\\" font-size=\\"36px\\">0%</text></g><rect x=\\"16\\" y=\\"16\\" width=\\"258\\" height=\\"468\\" rx=\\"26\\" ry=\\"26\\" fill=\\"rgba(0,0,0,0)\\" stroke=\\"rgba(255,255,255,0.2)\\" /><g mask='url(#none)' style='transform:translate(72px,189px)'><rect x='-16px' y='-16px' width='180px' height='180px' fill='none' /><path d='M1 1C17 73 73 129 145 145' stroke='rgba(0,0,0,0.3)' stroke-width='32px' fill='none' stroke-linecap='round' /></g><g mask='url(#none)' style='transform:translate(72px,189px)'><rect x='-16px' y='-16px' width='180px' height='180px' fill='none' /><path d='M1 1C17 73 73 129 145 145' stroke='rgba(255,255,255,1)' fill='none' stroke-linecap='round' /></g><circle cx='73px' cy='190px' r='4px' fill='white' /><circle cx='217px' cy='334px' r='4px' fill='white' /> <g style='transform:translate(29px, 384px)'><rect width='77px' height='26px' rx='8px' ry='8px' fill='rgba(0,0,0,0.6)' /><text x='12px' y='17px' font-family='\\"Courier New\\", monospace' font-size='12px' fill='white'><tspan fill='rgba(255,255,255,0.6)'>ID: </tspan>123</text></g> <g style='transform:translate(29px, 414px)'><rect width='133px' height='26px' rx='8px' ry='8px' fill='rgba(0,0,0,0.6)' /><text x='12px' y='17px' font-family='\\"Courier New\\", monospace' font-size='12px' fill='white'><tspan fill='rgba(255,255,255,0.6)'>Min Tick: </tspan>-1000</text></g> <g style='transform:translate(29px, 444px)'><rect width='126px' height='26px' rx='8px' ry='8px' fill='rgba(0,0,0,0.6)' /><text x='12px' y='17px' font-family='\\"Courier New\\", monospace' font-size='12px' fill='white'><tspan fill='rgba(255,255,255,0.6)'>Max Tick: </tspan>2000</text></g> <g style='transform:translate(226px, 433px)'><rect width='36px' height='36px' rx='8px' ry='8px' fill='none' stroke='rgba(255,255,255,0.2)' /><path stroke-linecap='round' d='M8 9C8.00004 22.9494 16.2099 28 27 28' fill='none' stroke='white' /><circle style='transform:translate3d(13px, 23px, 0px)' cx='0px' cy='0px' r='4px' fill='white'/></g></svg>"`;
