// Jest Snapshot v1, https://goo.gl/fbAQLP

exports[`NonfungiblePositionManager #createAndInitializePoolIfNecessary gas 1`] = `4640701`;

exports[`NonfungiblePositionManager bytecode size 1`] = `25276`;
