// Jest Snapshot v1, https://goo.gl/fbAQLP

exports[`PositionValue #principal gas 1`] = `23288`;
