// Jest Snapshot v1, https://goo.gl/fbAQLP

exports[`SupplicateRouter bytecode size 1`] = `10219`;
