// Jest Snapshot v1, https://goo.gl/fbAQLP

exports[`TickLens (ZERO fee tier) #getPopulatedTicksInWord (zero fee) fully populated ticks 1`] = `2882979`;

exports[`TickLens (ZERO fee tier) #getPopulatedTicksInWord (zero fee) gas for single populated tick 1`] = `90384`;
